Unknown command: 'convert_records'
Type 'manage.py help' for usage.
Unknown command: 'convert_records'
Type 'manage.py help' for usage.
Unknown command: 'convert_records'
Type 'manage.py help' for usage.
Unknown command: 'convert_records'
Type 'manage.py help' for usage.
Unknown command: 'convert_records'
Type 'manage.py help' for usage.
Unknown command: 'convert_records'
Type 'manage.py help' for usage.
Unknown command: 'convert_records'
Type 'manage.py help' for usage.
Unknown command: 'convert_records'
Type 'manage.py help' for usage.
Unknown command: 'convert_records'
Type 'manage.py help' for usage.
Unknown command: 'convert_records'
Type 'manage.py help' for usage.
Unknown command: 'convert_records'
Type 'manage.py help' for usage.
Unknown command: 'convert_records'
Type 'manage.py help' for usage.
Unknown command: 'convert_records'
Type 'manage.py help' for usage.
Unknown command: 'convert_records'
Type 'manage.py help' for usage.
Unknown command: 'convert_records'
Type 'manage.py help' for usage.
Converted PST -> UTC
Converted UTC -> PST
Converted PST -> UTC
Converted UTC -> PST
Converted PST -> UTC
Converted UTC -> PST
Converted PST -> UTC
Converted UTC -> PST
Converted PST -> UTC
Converted UTC -> PST
Converted PST -> UTC
Converted UTC -> PST
Converted PST -> UTC
Converted UTC -> PST
Converted PST -> UTC
Converted UTC -> PST
Converted PST -> UTC
Converted UTC -> PST
Converted PST -> UTC
Converted UTC -> PST
Converted PST -> UTC
Converted UTC -> PST
Converted PST -> UTC
Converted UTC -> PST
Converted PST -> UTC
Converted UTC -> PST
Converted PST -> UTC
Converted UTC -> PST
Converted PST -> UTC
Converted UTC -> PST
Converted PST -> UTC
Converted UTC -> PST
Converted PST -> UTC
Converted UTC -> PST
Converted PST -> UTC
Converted UTC -> PST
Converted PST -> UTC
Converted UTC -> PST
Converted PST -> UTC
Converted UTC -> PST
Converted PST -> UTC
Converted UTC -> PST
Converted PST -> UTC
Converted UTC -> PST
Converted PST -> UTC
Converted UTC -> PST
Converted PST -> UTC
Converted UTC -> PST
Converted PST -> UTC
Converted UTC -> PST
Converted PST -> UTC
Converted UTC -> PST
Converted PST -> UTC
Converted UTC -> PST
Converted PST -> UTC
Converted UTC -> PST
Converted PST -> UTC
Converted UTC -> PST
Converted PST -> UTC
Converted UTC -> PST
Converted PST -> UTC
Converted UTC -> PST
Converted PST -> UTC
Converted UTC -> PST
Converted PST -> UTC
Converted UTC -> PST
Converted PST -> UTC
Converted UTC -> PST
Converted PST -> UTC
Converted UTC -> PST
Converted PST -> UTC
Converted UTC -> PST
Converted PST -> UTC
Converted UTC -> PST
Converted PST -> UTC
Converted UTC -> PST
Converted PST -> UTC
Converted UTC -> PST
Converted PST -> UTC
Converted UTC -> PST
Converted PST -> UTC
Converted UTC -> PST
Converted PST -> UTC
Converted UTC -> PST
Converted PST -> UTC
Converted UTC -> PST
Converted PST -> UTC
Converted UTC -> PST
Converted PST -> UTC
Converted UTC -> PST
Converted PST -> UTC
Converted UTC -> PST
Converted PST -> UTC
Converted UTC -> PST
Converted PST -> UTC
Converted UTC -> PST
Converted PST -> UTC
Converted UTC -> PST
Converted PST -> UTC
Converted UTC -> PST
Converted PST -> UTC
Converted UTC -> PST
Converted PST -> UTC
Converted UTC -> PST
Converted PST -> UTC
Converted UTC -> PST
Converted PST -> UTC
Converted UTC -> PST
Converted PST -> UTC
Converted UTC -> PST
Converted PST -> UTC
Converted UTC -> PST
Converted PST -> UTC
Converted UTC -> PST
Converted PST -> UTC
Converted UTC -> PST
Converted PST -> UTC
Converted UTC -> PST
Converted PST -> UTC
Converted UTC -> PST
Converted PST -> UTC
Converted UTC -> PST
Converted PST -> UTC
Converted UTC -> PST
Converted PST -> UTC
Converted UTC -> PST
Converted PST -> UTC
Converted UTC -> PST
Converted PST -> UTC
Converted UTC -> PST
Converted PST -> UTC
Converted UTC -> PST
Converted PST -> UTC
Converted UTC -> PST
Converted PST -> UTC
Converted UTC -> PST
Converted PST -> UTC
Converted UTC -> PST
Converted PST -> UTC
Converted UTC -> PST
Converted PST -> UTC
Converted UTC -> PST
Converted PST -> UTC
Converted UTC -> PST
Converted PST -> UTC
Converted UTC -> PST
Converted PST -> UTC
Converted UTC -> PST
Converted PST -> UTC
Converted UTC -> PST
Converted PST -> UTC
Converted UTC -> PST
Converted PST -> UTC
Converted UTC -> PST
Converted PST -> UTC
Converted UTC -> PST
Converted PST -> UTC
Converted UTC -> PST
Converted 10 PST records to UTC
Converted 10 UTC records to PST
Converted 10 PST records to UTC
Converted 10 UTC records to PST
Converted 10 PST records to UTC
Converted 10 UTC records to PST
Converted 10 PST records to UTC
Converted 10 UTC records to PST
Converted 10 PST records to UTC
Converted 10 UTC records to PST
Converted 10 PST records to UTC
Converted 10 UTC records to PST
Converted 10 PST records to UTC
Converted IDs 1-10 PST -> UTC
Converted IDs 11-20 PST -> UTC
Converted IDs 21-30 PST -> UTC
Converted IDs 31-40 PST -> UTC
Converted IDs 41-50 PST -> UTC
Converted IDs 51-60 PST -> UTC
Converted IDs 61-70 PST -> UTC
Converted IDs 71-80 PST -> UTC
Converted IDs 81-90 PST -> UTC
Converted IDs 91-100 PST -> UTC
Converted IDs 1-10 UTC -> PST
Converted IDs 11-20 UTC -> PST
Converted IDs 21-30 UTC -> PST
Converted IDs 31-40 UTC -> PST
Converted IDs 41-50 UTC -> PST
Converted IDs 51-60 UTC -> PST
Converted IDs 61-70 UTC -> PST
Converted IDs 71-80 UTC -> PST
Converted IDs 81-90 UTC -> PST
Converted IDs 91-100 UTC -> PST
Converted IDs 1-10 PST -> UTC
Converted IDs 11-20 PST -> UTC
Converted IDs 21-30 PST -> UTC
Converted IDs 31-40 PST -> UTC
Converted IDs 41-50 PST -> UTC
Converted IDs 51-60 PST -> UTC
Converted IDs 61-70 PST -> UTC
Converted IDs 71-80 PST -> UTC
